// Jest Snapshot v1, https://goo.gl/fbAQLP

exports[`Todos.vue renders correctly 1`] = `
<section
  class="container todos-container"
>
  <div
    class="row align-items-center"
  >
    <div
      class="col-sm-6 offset-md-3"
    >
      <div
        class="todos-box"
      >
        <h1
          class="title has-text-centered"
        >
          My Todos
        </h1>
         
        <div
          class="input-group mb-5"
        >
          <input
            class="form-control"
            name="text"
            placeholder="Enter your todo"
          />
           
          <div
            class="input-group-append"
          >
            <button
              class="btn btn-outline-secondary"
              id="add-btn"
              type="button"
            >
              Add
            </button>
          </div>
        </div>
         
        <div
          class="my-todos"
        >
          <singletodo-stub
            index="0"
            todo="[object Object]"
          />
        </div>
      </div>
    </div>
  </div>
</section>
`;
